
> Configure project :
Fabric Loom: 1.14.6

> Task :compileJava UP-TO-DATE
> Task :processResources UP-TO-DATE
> Task :classes UP-TO-DATE
> Task :generateLog4jConfig UP-TO-DATE
> Task :generateRemapClasspath UP-TO-DATE
> Task :generateDLIConfig UP-TO-DATE
> Task :configureLaunch UP-TO-DATE
> Task :downloadAssets
> Task :configureClientLaunch
> Task :compileGuardianTestJava UP-TO-DATE
> Task :processGuardianTestResources NO-SOURCE
> Task :guardianTestClasses UP-TO-DATE
> Task :hubClientMetadata
> Task :hubClientJar

> Task :runClient
[34m[15:20:16][m [32m[main/INFO][m [36m(FabricLoader/GameProvider)[m [0mLoading Minecraft 1.21.10 with Fabric Loader 0.17.3
[m[34m[15:20:16][m [32m[main/INFO][m [36m(FabricLoader)[m [0mLoading 53 mods:
	- elementalwands 2.2.0
	- fabric-api 0.138.4+1.21.10
	- fabric-api-base 1.0.0+14b92d896f
	- fabric-api-lookup-api-v1 1.6.106+d17682156f
	- fabric-biome-api-v1 16.1.0+c2417d4f6f
	- fabric-block-api-v1 1.1.5+d17682156f
	- fabric-block-view-api-v2 1.0.34+e4fd1b926f
	- fabric-client-gametest-api-v1 4.2.13+14b92d896f
	- fabric-command-api-v2 2.4.0+c0ab2d5d6f
	- fabric-content-registries-v0 10.2.6+b6a242646f
	- fabric-convention-tags-v1 2.1.49+7f945d5b6f
	- fabric-convention-tags-v2 2.17.0+ff7bc77d6f
	- fabric-crash-report-info-v1 0.3.18+33df5e6e6f
	- fabric-data-attachment-api-v1 1.8.33+cd3b9e596f
	- fabric-data-generation-api-v1 23.2.27+d8b85ef16f
	- fabric-dimensions-v1 4.0.22+38b9cc196f
	- fabric-entity-events-v1 2.1.13+fde3702c6f
	- fabric-events-interaction-v0 4.0.36+5ba217126f
	- fabric-game-rule-api-v1 1.1.1+e47eaae56f
	- fabric-gametest-api-v1 3.1.21+33df5e6e6f
	- fabric-item-api-v1 11.5.11+9bce411b6f
	- fabric-item-group-api-v1 4.2.27+86b3ae576f
	- fabric-key-binding-api-v1 1.1.1+b3ba9c486f
	- fabric-lifecycle-events-v1 2.6.9+33df5e6e6f
	- fabric-loot-api-v2 3.0.67+3f89f5a56f
	- fabric-loot-api-v3 2.0.14+d17682156f
	- fabric-message-api-v1 6.1.7+3154c1c86f
	- fabric-model-loading-api-v1 6.0.5+3ffd6ef06f
	- fabric-networking-api-v1 5.1.0+b095d8db6f
	- fabric-object-builder-api-v1 21.1.28+9bce411b6f
	- fabric-particles-v1 4.2.3+a0ee59a46f
	- fabric-recipe-api-v1 8.2.0+39709ef06f
	- fabric-registry-sync-v0 6.1.42+679c8c5c6f
	- fabric-renderer-api-v1 7.2.3+9be2a36e6f
	- fabric-renderer-indigo 4.1.4+9be2a36e6f
	- fabric-rendering-fluids-v1 3.1.38+86b3ae576f
	- fabric-rendering-v1 16.2.0+bee81f016f
	- fabric-resource-conditions-api-v1 5.0.28+33df5e6e6f
	- fabric-resource-loader-v0 3.3.1+d4d4122a6f
	- fabric-resource-loader-v1 1.0.4+14959b836f
	- fabric-screen-api-v1 3.1.0+9c82a7986f
	- fabric-screen-handler-api-v1 1.3.151+d17682156f
	- fabric-serialization-api-v1 1.0.0+d857c9766f
	- fabric-sound-api-v1 1.0.45+328a75ba6f
	- fabric-tag-api-v1 1.2.13+2fa446b26f
	- fabric-transfer-api-v1 6.0.15+79ec2c126f
	- fabric-transitive-access-wideners-v1 6.5.3+41eb43436f
	- fabricloader 0.17.3
	- geckolib 5.3-alpha-3
	- java 21
	- minecraft 1.21.10
	- mixinextras 0.5.0
	- nature_overgrowth_client_smoke 1.0.0
[m[34m[15:20:18][m [32m[main/INFO][m [36m(FabricLoader/Mixin)[m [0mSpongePowered MIXIN Subsystem Version=0.8.7 Source=file:/Users/antonlabas/.gradle/caches/modules-2/files-2.1/net.fabricmc/sponge-mixin/0.16.3+mixin.0.8.7/3e535042688d1265447e52ad86950b7d9678a5fa/sponge-mixin-0.16.3+mixin.0.8.7.jar Service=Knot/Fabric Env=CLIENT
[m[34m[15:20:18][m [32m[main/INFO][m [36m(FabricLoader/Mixin)[m [0mLoaded Fabric development mappings for mixin remapper!
[m[34m[15:20:18][m [32m[main/INFO][m [36m(FabricLoader/Mixin)[m [0mCompatibility level set to JAVA_21
[m[34m[15:20:18][m [33m[main/WARN][m [36m(FabricLoader/Mixin)[m [0mError loading class: org/jetbrains/annotations/ApiStatus$Internal (java.lang.ClassNotFoundException: org/jetbrains/annotations/ApiStatus$Internal)
[m[34m[15:20:18][m [33m[main/WARN][m [36m(FabricLoader/Mixin)[m [0mError loading class: org/jetbrains/annotations/ApiStatus$Internal (java.lang.ClassNotFoundException: org/jetbrains/annotations/ApiStatus$Internal)
[m[34m[15:20:18][m [32m[main/INFO][m [36m(FabricLoader/MixinExtras|Service)[m [0mInitializing MixinExtras via com.llamalad7.mixinextras.service.MixinExtrasServiceImpl(version=0.5.0).
[m[34m[15:20:19][m [32m[Datafixer Bootstrap/INFO][m [36m(Minecraft)[m [0m278 Datafixer optimizations took 176 milliseconds
[m[34m[15:20:21][m [32m[Render thread/INFO][m [36m(Minecraft)[m [0mEnvironment: Environment[sessionHost=https://sessionserver.mojang.com, servicesHost=https://api.minecraftservices.com, profilesHost=https://api.mojang.com, name=PROD]
[m[34m[15:20:21][m [32m[Render thread/INFO][m [36m(Minecraft)[m [0mSetting user: Player624
[m[34m[15:20:21][m [32m[Render thread/INFO][m [36m(Indigo)[m [0m[Indigo] Registering Indigo renderer!
[m[34m[15:20:22][m [32m[Render thread/INFO][m [36m(Minecraft)[m [0mBackend library: LWJGL version 3.3.3-snapshot
[m[34m[15:20:22][m [32m[Render thread/INFO][m [36m(Minecraft)[m [0mUsing optional rendering extensions: 
[m[34m[15:20:23][m [32m[Render thread/INFO][m [36m(Minecraft)[m [0mReloading ResourceManager: vanilla, fabric, elementalwands, fabric-api, fabric-api-base, fabric-api-lookup-api-v1, fabric-biome-api-v1, fabric-block-api-v1, fabric-block-view-api-v2, fabric-client-gametest-api-v1, fabric-command-api-v2, fabric-content-registries-v0, fabric-convention-tags-v1, fabric-convention-tags-v2, fabric-crash-report-info-v1, fabric-data-attachment-api-v1, fabric-data-generation-api-v1, fabric-dimensions-v1, fabric-entity-events-v1, fabric-events-interaction-v0, fabric-game-rule-api-v1, fabric-gametest-api-v1, fabric-item-api-v1, fabric-item-group-api-v1, fabric-key-binding-api-v1, fabric-lifecycle-events-v1, fabric-loot-api-v2, fabric-loot-api-v3, fabric-message-api-v1, fabric-model-loading-api-v1, fabric-networking-api-v1, fabric-object-builder-api-v1, fabric-particles-v1, fabric-recipe-api-v1, fabric-registry-sync-v0, fabric-renderer-api-v1, fabric-renderer-indigo, fabric-rendering-fluids-v1, fabric-rendering-v1, fabric-resource-conditions-api-v1, fabric-resource-loader-v0, fabric-resource-loader-v1, fabric-screen-api-v1, fabric-screen-handler-api-v1, fabric-serialization-api-v1, fabric-sound-api-v1, fabric-tag-api-v1, fabric-transfer-api-v1, fabric-transitive-access-wideners-v1, fabricloader
[m[34m[15:20:23][m [32m[Worker-Main-8/INFO][m [36m(Minecraft)[m [0mFound unifont_all_no_pua-16.0.03.hex, loading
[m[34m[15:20:23][m [32m[Worker-Main-2/INFO][m [36m(Minecraft)[m [0mFound unifont_pua-16.0.03.hex, loading
[m[34m[15:20:23][m [32m[Worker-Main-10/INFO][m [36m(Minecraft)[m [0mFound unifont_jp_patch-16.0.03.hex, loading
[m[34m[15:20:23][m [32m[Download-2/INFO][m [36m(Minecraft)[m [0mCould not authorize you against Realms server: java.lang.RuntimeException: Failed to parse into SignedJWT: FabricMC
[m[34m[15:20:23][m [33m[Worker-Main-10/WARN][m [36m(Minecraft)[m [0mMissing textures in model elementalwands:block/meteor_core:
    minecraft:textures/atlas/blocks.png:elementalwands:entity/fire_meteor_surface_0
[m[34m[15:20:23][m [32m[Render thread/INFO][m [36m(Minecraft)[m [0mInfo log when linking program containing VS minecraft:core/terrain and FS minecraft:core/terrain. Log output: WARNING: Could not find vertex shader attribute 'Normal' to match BindAttributeLocation request.

[m[34m[15:20:23][m [32m[Render thread/INFO][m [36m(Minecraft)[m [0mInfo log when linking program containing VS minecraft:core/entity and FS minecraft:core/entity. Log output: WARNING: Output of vertex shader 'overlayColor' not read by fragment shader

[m[34m[15:20:23][m [32m[Render thread/INFO][m [36m(Minecraft)[m [0mInfo log when linking program containing VS minecraft:core/entity and FS minecraft:core/entity. Log output: WARNING: Output of vertex shader 'overlayColor' not read by fragment shader

[m[34m[15:20:23][m [32m[Render thread/INFO][m [36m(Minecraft)[m [0mInfo log when linking program containing VS minecraft:core/rendertype_text_see_through and FS minecraft:core/rendertype_text_see_through. Log output: WARNING: Could not find vertex shader attribute 'UV2' to match BindAttributeLocation request.

[m[34m[15:20:23][m [32m[Render thread/INFO][m [36m(Minecraft)[m [0mInfo log when linking program containing VS minecraft:core/rendertype_beacon_beam and FS minecraft:core/rendertype_beacon_beam. Log output: WARNING: Could not find vertex shader attribute 'Normal' to match BindAttributeLocation request.
WARNING: Could not find vertex shader attribute 'UV2' to match BindAttributeLocation request.

[m[34m[15:20:23][m [32m[Render thread/INFO][m [36m(Minecraft)[m [0mInfo log when linking program containing VS minecraft:core/rendertype_beacon_beam and FS minecraft:core/rendertype_beacon_beam. Log output: WARNING: Could not find vertex shader attribute 'Normal' to match BindAttributeLocation request.
WARNING: Could not find vertex shader attribute 'UV2' to match BindAttributeLocation request.

[m[34m[15:20:23][m [32m[Render thread/INFO][m [36m(Minecraft)[m [0mInfo log when linking program containing VS minecraft:core/terrain and FS minecraft:core/terrain. Log output: WARNING: Could not find vertex shader attribute 'Normal' to match BindAttributeLocation request.

[m[34m[15:20:23][m [32m[Render thread/INFO][m [36m(Minecraft)[m [0mInfo log when linking program containing VS minecraft:core/entity and FS minecraft:core/entity. Log output: WARNING: Output of vertex shader 'overlayColor' not read by fragment shader

[m[34m[15:20:23][m [32m[Render thread/INFO][m [36m(Minecraft)[m [0mInfo log when linking program containing VS minecraft:core/terrain and FS minecraft:core/terrain. Log output: WARNING: Could not find vertex shader attribute 'Normal' to match BindAttributeLocation request.

[m[34m[15:20:23][m [32m[Render thread/INFO][m [36m(Minecraft)[m [0mInfo log when linking program containing VS minecraft:core/rendertype_translucent_moving_block and FS minecraft:core/rendertype_translucent_moving_block. Log output: WARNING: Could not find vertex shader attribute 'Normal' to match BindAttributeLocation request.

[m[34m[15:20:23][m [32m[Render thread/INFO][m [36m(Minecraft)[m [0mInfo log when linking program containing VS minecraft:core/entity and FS minecraft:core/entity. Log output: WARNING: Could not find vertex shader attribute 'Normal' to match BindAttributeLocation request.
WARNING: Could not find vertex shader attribute 'UV2' to match BindAttributeLocation request.
WARNING: Output of vertex shader 'overlayColor' not read by fragment shader

[m[34m[15:20:23][m [32m[Render thread/INFO][m [36m(Minecraft)[m [0mInfo log when linking program containing VS minecraft:core/terrain and FS minecraft:core/terrain. Log output: WARNING: Could not find vertex shader attribute 'Normal' to match BindAttributeLocation request.

[m[34m[15:20:23][m [32m[Render thread/INFO][m [36m(Minecraft)[m [0mInfo log when linking program containing VS minecraft:core/terrain and FS minecraft:core/terrain. Log output: WARNING: Could not find vertex shader attribute 'Normal' to match BindAttributeLocation request.

[m[34m[15:20:23][m [32m[Render thread/INFO][m [36m(Minecraft)[m [0mInfo log when linking program containing VS minecraft:core/rendertype_crumbling and FS minecraft:core/rendertype_crumbling. Log output: WARNING: Could not find vertex shader attribute 'Normal' to match BindAttributeLocation request.
WARNING: Output of vertex shader 'texCoord2' not read by fragment shader

[m[34m[15:20:23][m [32m[Render thread/INFO][m [36m(Minecraft)[m [0mInfo log when linking program containing VS minecraft:core/entity and FS minecraft:core/entity. Log output: WARNING: Could not find vertex shader attribute 'Normal' to match BindAttributeLocation request.
WARNING: Output of vertex shader 'overlayColor' not read by fragment shader

[m[34m[15:20:23][m [32m[Render thread/INFO][m [36m(Minecraft)[m [0mInfo log when linking program containing VS minecraft:core/terrain and FS minecraft:core/terrain. Log output: WARNING: Could not find vertex shader attribute 'Normal' to match BindAttributeLocation request.

[m[34m[15:20:23][m [32m[Render thread/INFO][m [36m(Minecraft)[m [0mInfo log when linking program containing VS minecraft:core/rendertype_text_intensity_see_through and FS minecraft:core/rendertype_text_intensity_see_through. Log output: WARNING: Could not find vertex shader attribute 'UV2' to match BindAttributeLocation request.

[m[34m[15:20:23][m [32m[Render thread/INFO][m [36m(Minecraft)[m [0mInfo log when linking program containing VS minecraft:core/entity and FS minecraft:core/entity. Log output: WARNING: Could not find vertex shader attribute 'UV2' to match BindAttributeLocation request.

[m[34m[15:20:23][m [32m[Render thread/INFO][m [36m(Minecraft)[m [0mInfo log when linking program containing VS minecraft:core/rendertype_item_entity_translucent_cull and FS minecraft:core/rendertype_item_entity_translucent_cull. Log output: WARNING: Output of vertex shader 'texCoord1' not read by fragment shader
WARNING: Output of vertex shader 'texCoord2' not read by fragment shader

[m[34m[15:20:23][m [32m[Render thread/INFO][m [36m(Minecraft)[m [0mInfo log when linking program containing VS minecraft:core/rendertype_entity_alpha and FS minecraft:core/rendertype_entity_alpha. Log output: WARNING: Could not find vertex shader attribute 'Normal' to match BindAttributeLocation request.
WARNING: Output of vertex shader 'texCoord1' not read by fragment shader
WARNING: Output of vertex shader 'texCoord2' not read by fragment shader

[m[34m[15:20:23][m [32m[Render thread/INFO][m [36m(Minecraft)[m [0mInfo log when linking program containing VS minecraft:core/rendertype_entity_shadow and FS minecraft:core/rendertype_entity_shadow. Log output: WARNING: Could not find vertex shader attribute 'UV1' to match BindAttributeLocation request.
WARNING: Could not find vertex shader attribute 'Normal' to match BindAttributeLocation request.
WARNING: Could not find vertex shader attribute 'UV2' to match BindAttributeLocation request.

[m[34m[15:20:23][m [32m[Render thread/INFO][m [36m(Minecraft)[m [0mInfo log when linking program containing VS minecraft:core/entity and FS minecraft:core/entity. Log output: WARNING: Could not find vertex shader attribute 'Normal' to match BindAttributeLocation request.
WARNING: Could not find vertex shader attribute 'UV2' to match BindAttributeLocation request.
WARNING: Output of vertex shader 'overlayColor' not read by fragment shader

[m[34m[15:20:23][m [32m[Render thread/INFO][m [36m(Minecraft)[m [0mInfo log when linking program containing VS minecraft:core/entity and FS minecraft:core/entity. Log output: WARNING: Output of vertex shader 'overlayColor' not read by fragment shader

[m[34m[15:20:23][m [32m[Render thread/INFO][m [36m(Minecraft)[m [0mInfo log when linking program containing VS minecraft:core/rendertype_text_background_see_through and FS minecraft:core/rendertype_text_background_see_through. Log output: WARNING: Could not find vertex shader attribute 'UV2' to match BindAttributeLocation request.

[m[34m[15:20:24][m [32m[Render thread/INFO][m [36m(Minecraft)[m [0mOpenAL initialized on device MacBook Pro Speakers
[m[34m[15:20:24][m [32m[Render thread/INFO][m [36m(Minecraft)[m [0mSound engine started
[m[34m[15:20:24][m [32m[Render thread/INFO][m [36m(Minecraft)[m [0mCreated: 1024x512x0 minecraft:textures/atlas/particles.png-atlas
[m[34m[15:20:24][m [32m[Render thread/INFO][m [36m(Minecraft)[m [0mCreated: 128x64x0 minecraft:textures/atlas/decorated_pot.png-atlas
[m[34m[15:20:24][m [32m[Render thread/INFO][m [36m(Minecraft)[m [0mCreated: 2048x1024x0 minecraft:textures/atlas/armor_trims.png-atlas
[m[34m[15:20:24][m [32m[Render thread/INFO][m [36m(Minecraft)[m [0mCreated: 512x256x0 minecraft:textures/atlas/paintings.png-atlas
[m[34m[15:20:24][m [32m[Render thread/INFO][m [36m(Minecraft)[m [0mCreated: 512x512x0 minecraft:textures/atlas/shield_patterns.png-atlas
[m[34m[15:20:24][m [32m[Render thread/INFO][m [36m(Minecraft)[m [0mCreated: 1024x1024x4 minecraft:textures/atlas/blocks.png-atlas
[m[34m[15:20:24][m [32m[Render thread/INFO][m [36m(Minecraft)[m [0mCreated: 512x256x0 minecraft:textures/atlas/chest.png-atlas
[m[34m[15:20:24][m [32m[Render thread/INFO][m [36m(Minecraft)[m [0mCreated: 512x512x0 minecraft:textures/atlas/banner_patterns.png-atlas
[m[34m[15:20:24][m [32m[Render thread/INFO][m [36m(Minecraft)[m [0mCreated: 512x256x0 minecraft:textures/atlas/beds.png-atlas
[m[34m[15:20:24][m [32m[Render thread/INFO][m [36m(Minecraft)[m [0mCreated: 1024x1024x0 minecraft:textures/atlas/gui.png-atlas
[m[34m[15:20:24][m [32m[Render thread/INFO][m [36m(Minecraft)[m [0mCreated: 64x64x0 minecraft:textures/atlas/map_decorations.png-atlas
[m[34m[15:20:24][m [32m[Render thread/INFO][m [36m(Minecraft)[m [0mCreated: 256x256x0 minecraft:textures/atlas/signs.png-atlas
[m[34m[15:20:24][m [32m[Render thread/INFO][m [36m(Minecraft)[m [0mCreated: 512x256x0 minecraft:textures/atlas/shulker_boxes.png-atlas
[m[34m[15:20:26][m [32m[Render thread/INFO][m [36m(Minecraft)[m [0mFound new data pack elementalwands, loading it automatically
[m[34m[15:20:26][m [32m[Render thread/INFO][m [36m(Minecraft)[m [0mFound new data pack fabric, loading it automatically
[m[34m[15:20:26][m [32m[Render thread/INFO][m [36m(Minecraft)[m [0mFound new data pack fabric-convention-tags-v2, loading it automatically
[m[34m[15:20:26][m [32m[Render thread/INFO][m [36m(Minecraft)[m [0mFound new data pack fabric-gametest-api-v1, loading it automatically
[m[34m[15:20:26][m [32m[Render thread/INFO][m [36m(Minecraft)[m [0mLoaded 1461 recipes
[m[34m[15:20:26][m [32m[Render thread/INFO][m [36m(Minecraft)[m [0mLoaded 1574 advancements
[m[34m[15:20:26][m [32m[Render thread/INFO][m [36m(BiomeModificationImpl)[m [0mApplied 2 biome modifications to 1 of 65 new biomes in 1.963 ms
[m[34m[15:20:26][m [32m[Server thread/INFO][m [36m(Minecraft)[m [0mStarting integrated minecraft server version 1.21.10
[m[34m[15:20:26][m [32m[Server thread/INFO][m [36m(Minecraft)[m [0mGenerating keypair
[m[34m[15:20:26][m [32m[Server thread/INFO][m [36m(Minecraft)[m [0mSelecting global world spawn...
[m[34m[15:20:27][m [32m[Server thread/INFO][m [36m(Minecraft)[m [0mLoading 0 persistent chunks...
[m[34m[15:20:27][m [32m[Server thread/INFO][m [36m(Minecraft)[m [0mPreparing spawn area: 16%
[m[34m[15:20:27][m [32m[Server thread/INFO][m [36m(Minecraft)[m [0mLoading 48 chunks for player spawn...
[m[34m[15:20:27][m [32m[Server thread/INFO][m [36m(Minecraft)[m [0mPreparing spawn area: 58%
[m[34m[15:20:27][m [32m[Server thread/INFO][m [36m(Minecraft)[m [0mTime elapsed: 571 ms
[m[34m[15:20:27][m [32m[Server thread/INFO][m [36m(Minecraft)[m [0mPlayer624[local:E:8bfd3ef3] logged in with entity id 1 at (2.5, -60.0, 9.5)
[m[34m[15:20:27][m [32m[Server thread/INFO][m [36m(Minecraft)[m [0mPlayer624 joined the game
[m[34m[15:20:27][m [32m[Render thread/INFO][m [36m(Minecraft)[m [0mResizing Dynamic Transforms UBO, capacity limit of 2 reached during a single frame. New capacity will be 4.
[m[34m[15:20:27][m [32m[Server thread/INFO][m [36m(Minecraft)[m [0mChanging view distance to 12, from 10
[m[34m[15:20:27][m [32m[Server thread/INFO][m [36m(Minecraft)[m [0mChanging simulation distance to 12, from 0
[m[34m[15:20:27][m [32m[Render thread/INFO][m [36m(Minecraft)[m [0mResizing Dynamic Transforms UBO, capacity limit of 4 reached during a single frame. New capacity will be 8.
[m[34m[15:20:27][m [32m[Render thread/INFO][m [36m(Minecraft)[m [0mLoaded 2 advancements
[m[34m[15:20:27][m [32m[Render thread/INFO][m [36m(Minecraft)[m [0mResizing Dynamic Transforms UBO, capacity limit of 8 reached during a single frame. New capacity will be 16.
[m[34m[15:20:27][m [32m[Render thread/INFO][m [36m(Minecraft)[m [0mResizing Dynamic Transforms UBO, capacity limit of 16 reached during a single frame. New capacity will be 32.
[m[34m[15:20:27][m [32m[Render thread/INFO][m [36m(Minecraft)[m [0mResizing Dynamic Transforms UBO, capacity limit of 32 reached during a single frame. New capacity will be 64.
[m[34m[15:20:27][m [32m[Render thread/INFO][m [36m(Minecraft)[m [0mResizing Dynamic Transforms UBO, capacity limit of 64 reached during a single frame. New capacity will be 128.
[m[34m[15:20:28][m [32m[Render thread/INFO][m [36m(Minecraft)[m [0mResizing Dynamic Transforms UBO, capacity limit of 128 reached during a single frame. New capacity will be 256.
[m2026-09-14 15:20:28.440 java[28108:733279] forwardInvocation: <NSInvocation: 0x7b5fa96300>
2026-09-14 15:20:28.440 java[28108:733279] Before CallBooleanMethod
2026-09-14 15:20:28.441 java[28108:733279] After CallBooleanMethod
[34m[15:20:28][m [32m[Render thread/INFO][m [36m(Minecraft)[m [0mResizing Dynamic Transforms UBO, capacity limit of 256 reached during a single frame. New capacity will be 512.
[m[34m[15:20:41][m [32m[Render thread/INFO][m [36m(Minecraft)[m [0mStopping!
[m[34m[15:20:41][m [32m[Server thread/INFO][m [36m(Minecraft)[m [0mPlayer624 lost connection: Disconnected
[m[34m[15:20:41][m [32m[Server thread/INFO][m [36m(Minecraft)[m [0mPlayer624 left the game
[m[34m[15:20:41][m [32m[Server thread/INFO][m [36m(Minecraft)[m [0mStopping singleplayer server as player logged out
[m[34m[15:20:41][m [32m[Server thread/INFO][m [36m(Minecraft)[m [0mStopping server
[m[34m[15:20:41][m [32m[Server thread/INFO][m [36m(Minecraft)[m [0mSaving players
[m[34m[15:20:41][m [32m[Server thread/INFO][m [36m(Minecraft)[m [0mSaving worlds
[m[34m[15:20:41][m [32m[Server thread/INFO][m [36m(Minecraft)[m [0mSaving chunks for level 'ServerLevel[Nature expansion verification]'/minecraft:overworld
[m[34m[15:20:41][m [32m[Server thread/INFO][m [36m(Minecraft)[m [0mSaving chunks for level 'ServerLevel[Nature expansion verification]'/minecraft:the_end
[m[34m[15:20:41][m [32m[Server thread/INFO][m [36m(Minecraft)[m [0mSaving chunks for level 'ServerLevel[Nature expansion verification]'/minecraft:the_nether
[m[34m[15:20:41][m [32m[Server thread/INFO][m [36m(Minecraft)[m [0mThreadedAnvilChunkStorage (nature-expansion-1789413626235): All chunks are saved
[m[34m[15:20:41][m [32m[Server thread/INFO][m [36m(Minecraft)[m [0mThreadedAnvilChunkStorage (DIM1): All chunks are saved
[m[34m[15:20:41][m [32m[Server thread/INFO][m [36m(Minecraft)[m [0mThreadedAnvilChunkStorage (DIM-1): All chunks are saved
[m[34m[15:20:41][m [32m[Server thread/INFO][m [36m(Minecraft)[m [0mThreadedAnvilChunkStorage: All dimensions are saved
[m
BUILD SUCCESSFUL in 26s
10 actionable tasks: 4 executed, 6 up-to-date
Consider enabling configuration cache to speed up this build: https://docs.gradle.org/9.3.0/userguide/configuration_cache_enabling.html
