Starting a Gradle Daemon, 1 busy Daemon could not be reused, use --status for details

> Configure project :
Fabric Loom: 1.14.6

> Task :compileJava UP-TO-DATE
> Task :processResources UP-TO-DATE
> Task :classes UP-TO-DATE
> Task :generateLog4jConfig UP-TO-DATE
> Task :generateRemapClasspath UP-TO-DATE
> Task :generateDLIConfig UP-TO-DATE
> Task :configureLaunch UP-TO-DATE
> Task :downloadAssets
> Task :configureClientLaunch
> Task :compileGuardianTestJava UP-TO-DATE
> Task :floorClientMetadata
> Task :processGuardianTestResources NO-SOURCE
> Task :guardianTestClasses UP-TO-DATE
> Task :floorClientJar

> Task :runClient
[09:29:22] [main/INFO] (FabricLoader/GameProvider) Loading Minecraft 1.21.10 with Fabric Loader 0.17.3
[09:29:22] [main/INFO] (FabricLoader) Loading 53 mods:
	- elementalwands 2.2.0
	- fabric-api 0.138.4+1.21.10
	- fabric-api-base 1.0.0+14b92d896f
	- fabric-api-lookup-api-v1 1.6.106+d17682156f
	- fabric-biome-api-v1 16.1.0+c2417d4f6f
	- fabric-block-api-v1 1.1.5+d17682156f
	- fabric-block-view-api-v2 1.0.34+e4fd1b926f
	- fabric-client-gametest-api-v1 4.2.13+14b92d896f
	- fabric-command-api-v2 2.4.0+c0ab2d5d6f
	- fabric-content-registries-v0 10.2.6+b6a242646f
	- fabric-convention-tags-v1 2.1.49+7f945d5b6f
	- fabric-convention-tags-v2 2.17.0+ff7bc77d6f
	- fabric-crash-report-info-v1 0.3.18+33df5e6e6f
	- fabric-data-attachment-api-v1 1.8.33+cd3b9e596f
	- fabric-data-generation-api-v1 23.2.27+d8b85ef16f
	- fabric-dimensions-v1 4.0.22+38b9cc196f
	- fabric-entity-events-v1 2.1.13+fde3702c6f
	- fabric-events-interaction-v0 4.0.36+5ba217126f
	- fabric-game-rule-api-v1 1.1.1+e47eaae56f
	- fabric-gametest-api-v1 3.1.21+33df5e6e6f
	- fabric-item-api-v1 11.5.11+9bce411b6f
	- fabric-item-group-api-v1 4.2.27+86b3ae576f
	- fabric-key-binding-api-v1 1.1.1+b3ba9c486f
	- fabric-lifecycle-events-v1 2.6.9+33df5e6e6f
	- fabric-loot-api-v2 3.0.67+3f89f5a56f
	- fabric-loot-api-v3 2.0.14+d17682156f
	- fabric-message-api-v1 6.1.7+3154c1c86f
	- fabric-model-loading-api-v1 6.0.5+3ffd6ef06f
	- fabric-networking-api-v1 5.1.0+b095d8db6f
	- fabric-object-builder-api-v1 21.1.28+9bce411b6f
	- fabric-particles-v1 4.2.3+a0ee59a46f
	- fabric-recipe-api-v1 8.2.0+39709ef06f
	- fabric-registry-sync-v0 6.1.42+679c8c5c6f
	- fabric-renderer-api-v1 7.2.3+9be2a36e6f
	- fabric-renderer-indigo 4.1.4+9be2a36e6f
	- fabric-rendering-fluids-v1 3.1.38+86b3ae576f
	- fabric-rendering-v1 16.2.0+bee81f016f
	- fabric-resource-conditions-api-v1 5.0.28+33df5e6e6f
	- fabric-resource-loader-v0 3.3.1+d4d4122a6f
	- fabric-resource-loader-v1 1.0.4+14959b836f
	- fabric-screen-api-v1 3.1.0+9c82a7986f
	- fabric-screen-handler-api-v1 1.3.151+d17682156f
	- fabric-serialization-api-v1 1.0.0+d857c9766f
	- fabric-sound-api-v1 1.0.45+328a75ba6f
	- fabric-tag-api-v1 1.2.13+2fa446b26f
	- fabric-transfer-api-v1 6.0.15+79ec2c126f
	- fabric-transitive-access-wideners-v1 6.5.3+41eb43436f
	- fabricloader 0.17.3
	- geckolib 5.3-alpha-3
	- guardian_floor_client_smoke 1.0.0
	- java 21
	- minecraft 1.21.10
	- mixinextras 0.5.0
[09:29:24] [main/INFO] (FabricLoader/Mixin) SpongePowered MIXIN Subsystem Version=0.8.7 Source=file:/Users/antonlabas/.gradle/caches/modules-2/files-2.1/net.fabricmc/sponge-mixin/0.16.5+mixin.0.8.7/80fc3a9f592673cea87f4cd702f87991c6c9fe4d/sponge-mixin-0.16.5+mixin.0.8.7.jar Service=Knot/Fabric Env=CLIENT
[09:29:24] [main/INFO] (FabricLoader/Mixin) Loaded Fabric development mappings for mixin remapper!
[09:29:24] [main/INFO] (FabricLoader/Mixin) Compatibility level set to JAVA_21
[09:29:24] [main/WARN] (FabricLoader/Mixin) Error loading class: org/jetbrains/annotations/ApiStatus$Internal (java.lang.ClassNotFoundException: org/jetbrains/annotations/ApiStatus$Internal)
[09:29:24] [main/WARN] (FabricLoader/Mixin) Error loading class: org/jetbrains/annotations/ApiStatus$Internal (java.lang.ClassNotFoundException: org/jetbrains/annotations/ApiStatus$Internal)
[09:29:25] [main/INFO] (FabricLoader/MixinExtras|Service) Initializing MixinExtras via com.llamalad7.mixinextras.service.MixinExtrasServiceImpl(version=0.5.0).
[09:29:25] [Datafixer Bootstrap/INFO] (Minecraft) 278 Datafixer optimizations took 194 milliseconds
[09:29:27] [Render thread/INFO] (Minecraft) Environment: Environment[sessionHost=https://sessionserver.mojang.com, servicesHost=https://api.minecraftservices.com, profilesHost=https://api.mojang.com, name=PROD]
[09:29:27] [Render thread/INFO] (Minecraft) Setting user: Player935
[09:29:28] [Render thread/INFO] (Indigo) [Indigo] Registering Indigo renderer!
[09:29:28] [Render thread/INFO] (Minecraft) Backend library: LWJGL version 3.3.3-snapshot
[09:29:28] [Render thread/INFO] (Minecraft) Using optional rendering extensions: 
[09:29:29] [Render thread/INFO] (Minecraft) Reloading ResourceManager: vanilla, fabric, elementalwands, fabric-api, fabric-api-base, fabric-api-lookup-api-v1, fabric-biome-api-v1, fabric-block-api-v1, fabric-block-view-api-v2, fabric-client-gametest-api-v1, fabric-command-api-v2, fabric-content-registries-v0, fabric-convention-tags-v1, fabric-convention-tags-v2, fabric-crash-report-info-v1, fabric-data-attachment-api-v1, fabric-data-generation-api-v1, fabric-dimensions-v1, fabric-entity-events-v1, fabric-events-interaction-v0, fabric-game-rule-api-v1, fabric-gametest-api-v1, fabric-item-api-v1, fabric-item-group-api-v1, fabric-key-binding-api-v1, fabric-lifecycle-events-v1, fabric-loot-api-v2, fabric-loot-api-v3, fabric-message-api-v1, fabric-model-loading-api-v1, fabric-networking-api-v1, fabric-object-builder-api-v1, fabric-particles-v1, fabric-recipe-api-v1, fabric-registry-sync-v0, fabric-renderer-api-v1, fabric-renderer-indigo, fabric-rendering-fluids-v1, fabric-rendering-v1, fabric-resource-conditions-api-v1, fabric-resource-loader-v0, fabric-resource-loader-v1, fabric-screen-api-v1, fabric-screen-handler-api-v1, fabric-serialization-api-v1, fabric-sound-api-v1, fabric-tag-api-v1, fabric-transfer-api-v1, fabric-transitive-access-wideners-v1, fabricloader
[09:29:29] [Worker-Main-3/INFO] (Minecraft) Found unifont_all_no_pua-16.0.03.hex, loading
[09:29:29] [Worker-Main-9/INFO] (Minecraft) Found unifont_pua-16.0.03.hex, loading
[09:29:29] [Worker-Main-9/INFO] (Minecraft) Found unifont_jp_patch-16.0.03.hex, loading
[09:29:29] [Download-2/INFO] (Minecraft) Could not authorize you against Realms server: java.lang.RuntimeException: Failed to parse into SignedJWT: FabricMC
[09:29:29] [Worker-Main-9/WARN] (Minecraft) Missing textures in model elementalwands:block/meteor_core:
    minecraft:textures/atlas/blocks.png:elementalwands:entity/fire_meteor_surface_0
[09:29:29] [Render thread/INFO] (Minecraft) Info log when linking program containing VS minecraft:core/rendertype_entity_alpha and FS minecraft:core/rendertype_entity_alpha. Log output: WARNING: Could not find vertex shader attribute 'Normal' to match BindAttributeLocation request.
WARNING: Output of vertex shader 'texCoord1' not read by fragment shader
WARNING: Output of vertex shader 'texCoord2' not read by fragment shader

[09:29:29] [Render thread/INFO] (Minecraft) Info log when linking program containing VS minecraft:core/rendertype_beacon_beam and FS minecraft:core/rendertype_beacon_beam. Log output: WARNING: Could not find vertex shader attribute 'Normal' to match BindAttributeLocation request.
WARNING: Could not find vertex shader attribute 'UV2' to match BindAttributeLocation request.

[09:29:30] [Render thread/INFO] (Minecraft) Info log when linking program containing VS minecraft:core/rendertype_item_entity_translucent_cull and FS minecraft:core/rendertype_item_entity_translucent_cull. Log output: WARNING: Output of vertex shader 'texCoord1' not read by fragment shader
WARNING: Output of vertex shader 'texCoord2' not read by fragment shader

[09:29:30] [Render thread/INFO] (Minecraft) Info log when linking program containing VS minecraft:core/rendertype_translucent_moving_block and FS minecraft:core/rendertype_translucent_moving_block. Log output: WARNING: Could not find vertex shader attribute 'Normal' to match BindAttributeLocation request.

[09:29:30] [Render thread/INFO] (Minecraft) Info log when linking program containing VS minecraft:core/rendertype_entity_shadow and FS minecraft:core/rendertype_entity_shadow. Log output: WARNING: Could not find vertex shader attribute 'UV1' to match BindAttributeLocation request.
WARNING: Could not find vertex shader attribute 'Normal' to match BindAttributeLocation request.
WARNING: Could not find vertex shader attribute 'UV2' to match BindAttributeLocation request.

[09:29:30] [Render thread/INFO] (Minecraft) Info log when linking program containing VS minecraft:core/rendertype_beacon_beam and FS minecraft:core/rendertype_beacon_beam. Log output: WARNING: Could not find vertex shader attribute 'Normal' to match BindAttributeLocation request.
WARNING: Could not find vertex shader attribute 'UV2' to match BindAttributeLocation request.

[09:29:30] [Render thread/INFO] (Minecraft) Info log when linking program containing VS minecraft:core/terrain and FS minecraft:core/terrain. Log output: WARNING: Could not find vertex shader attribute 'Normal' to match BindAttributeLocation request.

[09:29:30] [Render thread/INFO] (Minecraft) Info log when linking program containing VS minecraft:core/terrain and FS minecraft:core/terrain. Log output: WARNING: Could not find vertex shader attribute 'Normal' to match BindAttributeLocation request.

[09:29:30] [Render thread/INFO] (Minecraft) Info log when linking program containing VS minecraft:core/entity and FS minecraft:core/entity. Log output: WARNING: Output of vertex shader 'overlayColor' not read by fragment shader

[09:29:30] [Render thread/INFO] (Minecraft) Info log when linking program containing VS minecraft:core/entity and FS minecraft:core/entity. Log output: WARNING: Output of vertex shader 'overlayColor' not read by fragment shader

[09:29:30] [Render thread/INFO] (Minecraft) Info log when linking program containing VS minecraft:core/terrain and FS minecraft:core/terrain. Log output: WARNING: Could not find vertex shader attribute 'Normal' to match BindAttributeLocation request.

[09:29:30] [Render thread/INFO] (Minecraft) Info log when linking program containing VS minecraft:core/entity and FS minecraft:core/entity. Log output: WARNING: Could not find vertex shader attribute 'Normal' to match BindAttributeLocation request.
WARNING: Could not find vertex shader attribute 'UV2' to match BindAttributeLocation request.
WARNING: Output of vertex shader 'overlayColor' not read by fragment shader

[09:29:30] [Render thread/INFO] (Minecraft) Info log when linking program containing VS minecraft:core/terrain and FS minecraft:core/terrain. Log output: WARNING: Could not find vertex shader attribute 'Normal' to match BindAttributeLocation request.

[09:29:30] [Render thread/INFO] (Minecraft) Info log when linking program containing VS minecraft:core/entity and FS minecraft:core/entity. Log output: WARNING: Could not find vertex shader attribute 'UV2' to match BindAttributeLocation request.

[09:29:30] [Render thread/INFO] (Minecraft) Info log when linking program containing VS minecraft:core/entity and FS minecraft:core/entity. Log output: WARNING: Could not find vertex shader attribute 'Normal' to match BindAttributeLocation request.
WARNING: Output of vertex shader 'overlayColor' not read by fragment shader

[09:29:30] [Render thread/INFO] (Minecraft) Info log when linking program containing VS minecraft:core/terrain and FS minecraft:core/terrain. Log output: WARNING: Could not find vertex shader attribute 'Normal' to match BindAttributeLocation request.

[09:29:30] [Render thread/INFO] (Minecraft) Info log when linking program containing VS minecraft:core/rendertype_crumbling and FS minecraft:core/rendertype_crumbling. Log output: WARNING: Could not find vertex shader attribute 'Normal' to match BindAttributeLocation request.
WARNING: Output of vertex shader 'texCoord2' not read by fragment shader

[09:29:30] [Render thread/INFO] (Minecraft) Info log when linking program containing VS minecraft:core/entity and FS minecraft:core/entity. Log output: WARNING: Could not find vertex shader attribute 'Normal' to match BindAttributeLocation request.
WARNING: Could not find vertex shader attribute 'UV2' to match BindAttributeLocation request.
WARNING: Output of vertex shader 'overlayColor' not read by fragment shader

[09:29:30] [Render thread/INFO] (Minecraft) Info log when linking program containing VS minecraft:core/rendertype_text_intensity_see_through and FS minecraft:core/rendertype_text_intensity_see_through. Log output: WARNING: Could not find vertex shader attribute 'UV2' to match BindAttributeLocation request.

[09:29:30] [Render thread/INFO] (Minecraft) Info log when linking program containing VS minecraft:core/entity and FS minecraft:core/entity. Log output: WARNING: Output of vertex shader 'overlayColor' not read by fragment shader

[09:29:30] [Render thread/INFO] (Minecraft) Info log when linking program containing VS minecraft:core/rendertype_text_background_see_through and FS minecraft:core/rendertype_text_background_see_through. Log output: WARNING: Could not find vertex shader attribute 'UV2' to match BindAttributeLocation request.

[09:29:30] [Render thread/INFO] (Minecraft) Info log when linking program containing VS minecraft:core/rendertype_text_see_through and FS minecraft:core/rendertype_text_see_through. Log output: WARNING: Could not find vertex shader attribute 'UV2' to match BindAttributeLocation request.

[09:29:30] [Render thread/INFO] (Minecraft) Info log when linking program containing VS minecraft:core/terrain and FS minecraft:core/terrain. Log output: WARNING: Could not find vertex shader attribute 'Normal' to match BindAttributeLocation request.

[09:29:30] [Render thread/INFO] (Minecraft) Info log when linking program containing VS minecraft:core/entity and FS minecraft:core/entity. Log output: WARNING: Output of vertex shader 'overlayColor' not read by fragment shader

[09:29:30] [Render thread/INFO] (Minecraft) OpenAL initialized on device MacBook Pro Speakers
[09:29:30] [Render thread/INFO] (Minecraft) Sound engine started
[09:29:30] [Render thread/INFO] (Minecraft) Created: 1024x512x0 minecraft:textures/atlas/particles.png-atlas
[09:29:30] [Render thread/INFO] (Minecraft) Created: 128x64x0 minecraft:textures/atlas/decorated_pot.png-atlas
[09:29:30] [Render thread/INFO] (Minecraft) Created: 2048x1024x0 minecraft:textures/atlas/armor_trims.png-atlas
[09:29:30] [Render thread/INFO] (Minecraft) Created: 512x256x0 minecraft:textures/atlas/paintings.png-atlas
[09:29:30] [Render thread/INFO] (Minecraft) Created: 512x512x0 minecraft:textures/atlas/shield_patterns.png-atlas
[09:29:30] [Render thread/INFO] (Minecraft) Created: 1024x1024x4 minecraft:textures/atlas/blocks.png-atlas
[09:29:30] [Render thread/INFO] (Minecraft) Created: 512x256x0 minecraft:textures/atlas/chest.png-atlas
[09:29:30] [Render thread/INFO] (Minecraft) Created: 512x512x0 minecraft:textures/atlas/banner_patterns.png-atlas
[09:29:30] [Render thread/INFO] (Minecraft) Created: 512x256x0 minecraft:textures/atlas/beds.png-atlas
[09:29:30] [Render thread/INFO] (Minecraft) Created: 1024x1024x0 minecraft:textures/atlas/gui.png-atlas
[09:29:30] [Render thread/INFO] (Minecraft) Created: 64x64x0 minecraft:textures/atlas/map_decorations.png-atlas
[09:29:30] [Render thread/INFO] (Minecraft) Created: 256x256x0 minecraft:textures/atlas/signs.png-atlas
[09:29:30] [Render thread/INFO] (Minecraft) Created: 512x256x0 minecraft:textures/atlas/shulker_boxes.png-atlas
[09:29:32] [Render thread/INFO] (Minecraft) [STDOUT]: GUARDIAN BURN CLIENT CHECK PASSED: vanilla fire mesh bounded to 1.54 x 2.16 blocks; dimensions preserved; hidden/dead/extinguished states omitted.
[09:29:32] [Render thread/INFO] (Minecraft) [STDOUT]: STONE CLUSTER CLIENT MESH CHECKS PASSED
[09:29:32] [Render thread/INFO] (Minecraft) [STDOUT]: NATURE CLIENT CHECKS PASSED: 8 baked models, 25 meshes, growth buffers, palette and root lifecycle
[09:29:32] [Render thread/INFO] (Minecraft) [STDOUT]: FIRE CLIENT CHECKS PASSED: baked vanilla/low fire, both registered renderers, four-frame textures, finite bounded meteor/wall buffers.
[09:29:32] [Render thread/INFO] (Minecraft) [STDOUT]: GUARDIAN FLOOR CLIENT CHECK PASSED
[09:29:32] [Render thread/INFO] (Minecraft) Found new data pack elementalwands, loading it automatically
[09:29:32] [Render thread/INFO] (Minecraft) Found new data pack fabric, loading it automatically
[09:29:32] [Render thread/INFO] (Minecraft) Found new data pack fabric-convention-tags-v2, loading it automatically
[09:29:32] [Render thread/INFO] (Minecraft) Found new data pack fabric-gametest-api-v1, loading it automatically
[09:29:33] [Render thread/INFO] (Minecraft) Loaded 1461 recipes
[09:29:33] [Render thread/INFO] (Minecraft) Loaded 1574 advancements
[09:29:33] [Render thread/INFO] (BiomeModificationImpl) Applied 2 biome modifications to 1 of 65 new biomes in 1.968 ms
[09:29:33] [Server thread/INFO] (Minecraft) Starting integrated minecraft server version 1.21.10
[09:29:33] [Server thread/INFO] (Minecraft) Generating keypair
[09:29:33] [Server thread/INFO] (Minecraft) Selecting global world spawn...
[09:29:33] [Server thread/INFO] (Minecraft) Loading 0 persistent chunks...
[09:29:33] [Server thread/INFO] (Minecraft) Preparing spawn area: 16%
[09:29:34] [Server thread/INFO] (Minecraft) Loading 47 chunks for player spawn...
[09:29:34] [Server thread/INFO] (Minecraft) Preparing spawn area: 16%
[09:29:34] [Server thread/INFO] (Minecraft) Time elapsed: 765 ms
[09:29:34] [Server thread/INFO] (Minecraft) Player935[local:E:06206c43] logged in with entity id 1 at (-7.5, -60.0, 10.5)
[09:29:34] [Server thread/INFO] (Minecraft) Player935 joined the game
[09:29:34] [Server thread/INFO] (Minecraft) Changing view distance to 12, from 10
[09:29:34] [Server thread/INFO] (Minecraft) Changing simulation distance to 12, from 0
[09:29:34] [Render thread/INFO] (Minecraft) Resizing Dynamic Transforms UBO, capacity limit of 2 reached during a single frame. New capacity will be 4.
[09:29:34] [Render thread/INFO] (Minecraft) Resizing Dynamic Transforms UBO, capacity limit of 4 reached during a single frame. New capacity will be 8.
[09:29:34] [Render thread/INFO] (Minecraft) Loaded 2 advancements
[09:29:34] [Render thread/INFO] (Minecraft) Resizing Dynamic Transforms UBO, capacity limit of 8 reached during a single frame. New capacity will be 16.
[09:29:34] [Render thread/INFO] (Minecraft) Resizing Dynamic Transforms UBO, capacity limit of 16 reached during a single frame. New capacity will be 32.
[09:29:34] [Render thread/INFO] (Minecraft) Resizing Dynamic Transforms UBO, capacity limit of 32 reached during a single frame. New capacity will be 64.
2026-09-14 09:29:34.787 java[16771:451567] forwardInvocation: <NSInvocation: 0x78f3d32540>
2026-09-14 09:29:34.787 java[16771:451567] Before CallBooleanMethod
2026-09-14 09:29:34.788 java[16771:451567] After CallBooleanMethod
[09:29:34] [Render thread/INFO] (Minecraft) Resizing Dynamic Transforms UBO, capacity limit of 64 reached during a single frame. New capacity will be 128.
[09:29:34] [Render thread/INFO] (Minecraft) Resizing Dynamic Transforms UBO, capacity limit of 128 reached during a single frame. New capacity will be 256.
[09:29:35] [Render thread/INFO] (Minecraft) Resizing Dynamic Transforms UBO, capacity limit of 256 reached during a single frame. New capacity will be 512.
[09:29:40] [Render thread/INFO] (Minecraft) [System] [CHAT] The threshold is sealed.
[09:29:40] [Render thread/INFO] (Minecraft) [System] [CHAT] The heart answers. The keeper will test everyone gathered in the courtyard.
[09:29:57] [Render thread/INFO] (Minecraft) Stopping!
[09:29:57] [Server thread/INFO] (Minecraft) Player935 lost connection: Disconnected
[09:29:57] [Server thread/INFO] (Minecraft) Player935 left the game
[09:29:57] [Server thread/INFO] (Minecraft) Stopping singleplayer server as player logged out
[09:29:57] [Server thread/INFO] (Minecraft) Stopping server
[09:29:57] [Server thread/INFO] (Minecraft) Saving players
[09:29:57] [Server thread/INFO] (Minecraft) Saving worlds
[09:29:57] [Server thread/INFO] (Minecraft) Saving chunks for level 'ServerLevel[Guardian pedestal verification]'/minecraft:overworld
[09:29:57] [Server thread/INFO] (Minecraft) Saving chunks for level 'ServerLevel[Guardian pedestal verification]'/minecraft:the_end
[09:29:57] [Server thread/INFO] (Minecraft) Saving chunks for level 'ServerLevel[Guardian pedestal verification]'/minecraft:the_nether
[09:29:57] [Server thread/INFO] (Minecraft) ThreadedAnvilChunkStorage (guardian-pedestal-1789392572745): All chunks are saved
[09:29:57] [Server thread/INFO] (Minecraft) ThreadedAnvilChunkStorage (DIM1): All chunks are saved
[09:29:57] [Server thread/INFO] (Minecraft) ThreadedAnvilChunkStorage (DIM-1): All chunks are saved
[09:29:57] [Server thread/INFO] (Minecraft) ThreadedAnvilChunkStorage: All dimensions are saved

[Incubating] Problems report is available at: file:///Users/antonlabas/Desktop/elementalwands/build/reports/problems/problems-report.html

Deprecated Gradle features were used in this build, making it incompatible with Gradle 10.

You can use '--warning-mode all' to show the individual deprecation warnings and determine if they come from your own scripts or plugins.

For more on this, please refer to https://docs.gradle.org/9.3.0/userguide/command_line_interface.html#sec:command_line_warnings in the Gradle documentation.

BUILD SUCCESSFUL in 39s
10 actionable tasks: 4 executed, 6 up-to-date
