
> Configure project :
Fabric Loom: 1.14.6

> Task :churchSmokeMetadata
> Task :compileJava UP-TO-DATE
> Task :processResources UP-TO-DATE
> Task :classes UP-TO-DATE
> Task :compileGuardianTestJava UP-TO-DATE
> Task :processGuardianTestResources NO-SOURCE
> Task :guardianTestClasses UP-TO-DATE
> Task :churchSmokeJar
> Task :churchSmokeSetup
> Task :generateLog4jConfig UP-TO-DATE
> Task :generateRemapClasspath UP-TO-DATE
> Task :generateDLIConfig UP-TO-DATE
> Task :configureLaunch UP-TO-DATE

> Task :runServer
[09:33:49] [main/INFO] (FabricLoader/GameProvider) Loading Minecraft 1.21.10 with Fabric Loader 0.17.3
[09:33:49] [main/INFO] (FabricLoader) Loading 45 mods:
	- elementalwands 2.2.0
	- fabric-api 0.138.4+1.21.10
	- fabric-api-base 1.0.0+14b92d896f
	- fabric-api-lookup-api-v1 1.6.106+d17682156f
	- fabric-biome-api-v1 16.1.0+c2417d4f6f
	- fabric-block-api-v1 1.1.5+d17682156f
	- fabric-block-view-api-v2 1.0.34+e4fd1b926f
	- fabric-command-api-v2 2.4.0+c0ab2d5d6f
	- fabric-content-registries-v0 10.2.6+b6a242646f
	- fabric-convention-tags-v1 2.1.49+7f945d5b6f
	- fabric-convention-tags-v2 2.17.0+ff7bc77d6f
	- fabric-crash-report-info-v1 0.3.18+33df5e6e6f
	- fabric-data-attachment-api-v1 1.8.33+cd3b9e596f
	- fabric-data-generation-api-v1 23.2.27+d8b85ef16f
	- fabric-dimensions-v1 4.0.22+38b9cc196f
	- fabric-entity-events-v1 2.1.13+fde3702c6f
	- fabric-events-interaction-v0 4.0.36+5ba217126f
	- fabric-game-rule-api-v1 1.1.1+e47eaae56f
	- fabric-gametest-api-v1 3.1.21+33df5e6e6f
	- fabric-item-api-v1 11.5.11+9bce411b6f
	- fabric-item-group-api-v1 4.2.27+86b3ae576f
	- fabric-lifecycle-events-v1 2.6.9+33df5e6e6f
	- fabric-loot-api-v2 3.0.67+3f89f5a56f
	- fabric-loot-api-v3 2.0.14+d17682156f
	- fabric-message-api-v1 6.1.7+3154c1c86f
	- fabric-networking-api-v1 5.1.0+b095d8db6f
	- fabric-object-builder-api-v1 21.1.28+9bce411b6f
	- fabric-particles-v1 4.2.3+a0ee59a46f
	- fabric-recipe-api-v1 8.2.0+39709ef06f
	- fabric-registry-sync-v0 6.1.42+679c8c5c6f
	- fabric-rendering-fluids-v1 3.1.38+86b3ae576f
	- fabric-resource-conditions-api-v1 5.0.28+33df5e6e6f
	- fabric-resource-loader-v0 3.3.1+d4d4122a6f
	- fabric-resource-loader-v1 1.0.4+14959b836f
	- fabric-screen-handler-api-v1 1.3.151+d17682156f
	- fabric-serialization-api-v1 1.0.0+d857c9766f
	- fabric-tag-api-v1 1.2.13+2fa446b26f
	- fabric-transfer-api-v1 6.0.15+79ec2c126f
	- fabric-transitive-access-wideners-v1 6.5.3+41eb43436f
	- fabricloader 0.17.3
	- geckolib 5.3-alpha-3
	- guardian_church_smoke 1.0.0
	- java 21
	- minecraft 1.21.10
	- mixinextras 0.5.0
[09:33:51] [main/INFO] (FabricLoader/Mixin) SpongePowered MIXIN Subsystem Version=0.8.7 Source=file:/Users/antonlabas/.gradle/caches/modules-2/files-2.1/net.fabricmc/sponge-mixin/0.16.3+mixin.0.8.7/3e535042688d1265447e52ad86950b7d9678a5fa/sponge-mixin-0.16.3+mixin.0.8.7.jar Service=Knot/Fabric Env=SERVER
[09:33:51] [main/INFO] (FabricLoader/Mixin) Loaded Fabric development mappings for mixin remapper!
[09:33:51] [main/INFO] (FabricLoader/Mixin) Compatibility level set to JAVA_21
[09:33:51] [main/INFO] (FabricLoader/MixinExtras|Service) Initializing MixinExtras via com.llamalad7.mixinextras.service.MixinExtrasServiceImpl(version=0.5.0).
[09:33:54] [main/INFO] (Minecraft) Environment: Environment[sessionHost=https://sessionserver.mojang.com, servicesHost=https://api.minecraftservices.com, profilesHost=https://api.mojang.com, name=PROD]
[09:33:54] [main/INFO] (Minecraft) No existing world data, creating new world
[09:33:55] [main/INFO] (Minecraft) Loaded 1461 recipes
[09:33:55] [main/INFO] (Minecraft) Loaded 1574 advancements
[09:33:55] [main/INFO] (BiomeModificationImpl) Applied 2 biome modifications to 1 of 65 new biomes in 2.123 ms
[09:33:55] [Server thread/INFO] (Minecraft) Starting minecraft server version 1.21.10
[09:33:55] [Server thread/INFO] (Minecraft) Loading properties
[09:33:55] [Server thread/INFO] (Minecraft) Default game type: SURVIVAL
[09:33:55] [Server thread/INFO] (Minecraft) Generating keypair
[09:33:55] [Server thread/INFO] (Minecraft) Starting Minecraft server on 127.0.0.1:0
[09:33:55] [Server thread/INFO] (Minecraft) Using default channel type
[09:33:55] [Server thread/WARN] (Minecraft) **** SERVER IS RUNNING IN OFFLINE/INSECURE MODE!
[09:33:55] [Server thread/WARN] (Minecraft) The server will make no attempt to authenticate usernames. Beware.
[09:33:55] [Server thread/WARN] (Minecraft) While this makes the game possible to play without internet access, it also opens up the ability for hackers to connect with any username they choose.
[09:33:55] [Server thread/WARN] (Minecraft) To change this, set "online-mode" to "true" in the server.properties file.
[09:33:55] [Server thread/INFO] (Minecraft) Preparing level "church-test"
[09:33:55] [Server thread/INFO] (Minecraft) Selecting global world spawn...
[09:33:55] [Server thread/INFO] (Minecraft) Loading 0 persistent chunks...
[09:33:55] [Server thread/INFO] (Minecraft) Preparing spawn area: 100%
[09:33:55] [Server thread/INFO] (Minecraft) Time elapsed: 161 ms
[09:33:55] [Server thread/INFO] (Minecraft) Done (0.217s)! For help, type "help"
[09:33:55] [Server thread/INFO] (Minecraft) [STDOUT]: CHURCH SMOKE: No active arena. stage 0
[09:33:56] [Server thread/INFO] (Minecraft) [STDOUT]: CHURCH LOOT CHECKS PASSED: 1024 repeatable rolls, 42 enchantments, all 27 slots, smaller budgets and ordinary supplies.
[09:33:57] [Server thread/INFO] (Minecraft) [STDOUT]: MODERN CHURCH TERRAIN CHECKS PASSED: uphill soil trimmed, downhill entrance stairs, natural courtyard preserved, replay stable.
[09:33:57] [Server thread/INFO] (Minecraft) [STDOUT]: CHURCH TERRAIN CHECKS PASSED: four-block ledge became a walkable slope; objects preserved; replay stable.
[09:33:57] [Server thread/INFO] (Minecraft) [STDOUT]: CHURCH PLACE: Building a ruined church nearby. Socket: X 0, Y -59, Z 34. Allow a few seconds; /ew guardian church locate reports this site.
[09:34:00] [Server thread/INFO] (Minecraft) [STDOUT]: CHURCH UPGRADE CHECKS PASSED: four rotations, chest slots/components, interrupted replay, identity, facade, no duplicate sites/items, completed-site exclusion.
[09:34:00] [Server thread/INFO] (Minecraft) [STDOUT]: CHURCH RITUAL: The heart answers. The keeper will test everyone gathered in the courtyard.
[09:34:00] [Server thread/INFO] (Minecraft) [STDOUT]: CHURCH SMOKE: Arena: WALLS stage 2
[09:34:00] [Server thread/INFO] (Minecraft) [STDOUT]: CHURCH SMOKE: Arena: FLOOR stage 2
[09:34:02] [Server thread/INFO] (Minecraft) [STDOUT]: CHURCH SMOKE: Arena: ASCENT stage 2
[09:34:10] [Server thread/INFO] (Minecraft) [STDOUT]: CHURCH SMOKE: Arena: SETTLE stage 2
[09:34:12] [Server thread/INFO] (Minecraft) [STDOUT]: CHURCH SMOKE: Arena: ARRIVAL stage 2
[09:34:14] [Server thread/INFO] (Minecraft) [STDOUT]: CHURCH SMOKE: Arena: LANDING stage 2
[09:34:15] [Server thread/INFO] (Minecraft) [STDOUT]: CHURCH SMOKE: Arena: FIGHT stage 2
[09:34:15] [Server thread/INFO] (Minecraft) [STDOUT]: CHURCH SMOKE: Arena: DESCENT stage 3
[09:34:23] [Server thread/INFO] (Minecraft) [STDOUT]: CHURCH SMOKE: Arena: WITHDRAW stage 3
[09:34:25] [Server thread/INFO] (Minecraft) [STDOUT]: CHURCH SMOKE: No active arena. stage 3
[09:34:25] [Server thread/INFO] (Minecraft) [STDOUT]: CHURCH SMOKE: Arena: WALLS stage 4
[09:34:26] [Server thread/INFO] (Minecraft) [STDOUT]: CHURCH SMOKE: Arena: FLOOR stage 4
[09:34:28] [Server thread/INFO] (Minecraft) [STDOUT]: CHURCH SMOKE: Arena: ASCENT stage 4
[09:34:36] [Server thread/INFO] (Minecraft) [STDOUT]: CHURCH SMOKE: Arena: SETTLE stage 4
[09:34:37] [Server thread/INFO] (Minecraft) [STDOUT]: CHURCH SMOKE: Arena: ARRIVAL stage 4
[09:34:39] [Server thread/INFO] (Minecraft) [STDOUT]: CHURCH SMOKE: Arena: LANDING stage 4
[09:34:41] [Server thread/INFO] (Minecraft) [STDOUT]: CHURCH SMOKE: Arena: FIGHT stage 4
[09:34:41] [Server thread/INFO] (Minecraft) [STDOUT]: CHURCH SMOKE: Arena: DESCENT stage 5
[09:34:49] [Server thread/INFO] (Minecraft) [STDOUT]: CHURCH SMOKE: Arena: WITHDRAW stage 5
[09:34:50] [Server thread/INFO] (Minecraft) [STDOUT]: CHURCH SMOKE: No active arena. stage 5
[09:34:50] [Server thread/INFO] (Minecraft) [STDOUT]: CHURCH SMOKE PASSED
[09:34:50] [Server thread/INFO] (Minecraft) Stopping server
[09:34:50] [Server thread/INFO] (Minecraft) Saving players
[09:34:50] [Server thread/INFO] (Minecraft) Saving worlds
[09:34:50] [Server thread/INFO] (Minecraft) Saving chunks for level 'ServerLevel[church-test]'/minecraft:overworld
[09:34:51] [Server thread/INFO] (Minecraft) Saving chunks for level 'ServerLevel[church-test]'/minecraft:the_end
[09:34:51] [Server thread/INFO] (Minecraft) Saving chunks for level 'ServerLevel[church-test]'/minecraft:the_nether
[09:34:51] [Server thread/INFO] (Minecraft) ThreadedAnvilChunkStorage (church-test): All chunks are saved
[09:34:51] [Server thread/INFO] (Minecraft) ThreadedAnvilChunkStorage (DIM1): All chunks are saved
[09:34:51] [Server thread/INFO] (Minecraft) ThreadedAnvilChunkStorage (DIM-1): All chunks are saved
[09:34:51] [Server thread/INFO] (Minecraft) ThreadedAnvilChunkStorage: All dimensions are saved

BUILD SUCCESSFUL in 1m 2s
10 actionable tasks: 4 executed, 6 up-to-date
Consider enabling configuration cache to speed up this build: https://docs.gradle.org/9.3.0/userguide/configuration_cache_enabling.html
