
> Configure project :
Fabric Loom: 1.14.6

> Task :compileJava
Note: Some input files use or override a deprecated API.
Note: Recompile with -Xlint:deprecation for details.

> Task :processResources
> Task :classes
> Task :generateLog4jConfig UP-TO-DATE
> Task :generateRemapClasspath UP-TO-DATE
> Task :generateDLIConfig UP-TO-DATE
> Task :configureLaunch UP-TO-DATE
> Task :compileGuardianTestJava UP-TO-DATE
> Task :guardianNatureSmokeMetadata
> Task :processGuardianTestResources NO-SOURCE
> Task :guardianTestClasses UP-TO-DATE
> Task :guardianNatureSmokeJar
> Task :guardianNatureSmokeSetup

> Task :runServer
[34m[14:51:00][m [32m[main/INFO][m [36m(FabricLoader/GameProvider)[m [0mLoading Minecraft 1.21.10 with Fabric Loader 0.17.3
[m[34m[14:51:00][m [32m[main/INFO][m [36m(FabricLoader)[m [0mLoading 45 mods:
	- elementalwands 2.2.0
	- fabric-api 0.138.4+1.21.10
	- fabric-api-base 1.0.0+14b92d896f
	- fabric-api-lookup-api-v1 1.6.106+d17682156f
	- fabric-biome-api-v1 16.1.0+c2417d4f6f
	- fabric-block-api-v1 1.1.5+d17682156f
	- fabric-block-view-api-v2 1.0.34+e4fd1b926f
	- fabric-command-api-v2 2.4.0+c0ab2d5d6f
	- fabric-content-registries-v0 10.2.6+b6a242646f
	- fabric-convention-tags-v1 2.1.49+7f945d5b6f
	- fabric-convention-tags-v2 2.17.0+ff7bc77d6f
	- fabric-crash-report-info-v1 0.3.18+33df5e6e6f
	- fabric-data-attachment-api-v1 1.8.33+cd3b9e596f
	- fabric-data-generation-api-v1 23.2.27+d8b85ef16f
	- fabric-dimensions-v1 4.0.22+38b9cc196f
	- fabric-entity-events-v1 2.1.13+fde3702c6f
	- fabric-events-interaction-v0 4.0.36+5ba217126f
	- fabric-game-rule-api-v1 1.1.1+e47eaae56f
	- fabric-gametest-api-v1 3.1.21+33df5e6e6f
	- fabric-item-api-v1 11.5.11+9bce411b6f
	- fabric-item-group-api-v1 4.2.27+86b3ae576f
	- fabric-lifecycle-events-v1 2.6.9+33df5e6e6f
	- fabric-loot-api-v2 3.0.67+3f89f5a56f
	- fabric-loot-api-v3 2.0.14+d17682156f
	- fabric-message-api-v1 6.1.7+3154c1c86f
	- fabric-networking-api-v1 5.1.0+b095d8db6f
	- fabric-object-builder-api-v1 21.1.28+9bce411b6f
	- fabric-particles-v1 4.2.3+a0ee59a46f
	- fabric-recipe-api-v1 8.2.0+39709ef06f
	- fabric-registry-sync-v0 6.1.42+679c8c5c6f
	- fabric-rendering-fluids-v1 3.1.38+86b3ae576f
	- fabric-resource-conditions-api-v1 5.0.28+33df5e6e6f
	- fabric-resource-loader-v0 3.3.1+d4d4122a6f
	- fabric-resource-loader-v1 1.0.4+14959b836f
	- fabric-screen-handler-api-v1 1.3.151+d17682156f
	- fabric-serialization-api-v1 1.0.0+d857c9766f
	- fabric-tag-api-v1 1.2.13+2fa446b26f
	- fabric-transfer-api-v1 6.0.15+79ec2c126f
	- fabric-transitive-access-wideners-v1 6.5.3+41eb43436f
	- fabricloader 0.17.3
	- geckolib 5.3-alpha-3
	- guardian_nature_smoke 1.0.0
	- java 21
	- minecraft 1.21.10
	- mixinextras 0.5.0
[m[34m[14:51:01][m [32m[main/INFO][m [36m(FabricLoader/Mixin)[m [0mSpongePowered MIXIN Subsystem Version=0.8.7 Source=file:/Users/antonlabas/.gradle/caches/modules-2/files-2.1/net.fabricmc/sponge-mixin/0.16.3+mixin.0.8.7/3e535042688d1265447e52ad86950b7d9678a5fa/sponge-mixin-0.16.3+mixin.0.8.7.jar Service=Knot/Fabric Env=SERVER
[m[34m[14:51:01][m [32m[main/INFO][m [36m(FabricLoader/Mixin)[m [0mLoaded Fabric development mappings for mixin remapper!
[m[34m[14:51:01][m [32m[main/INFO][m [36m(FabricLoader/Mixin)[m [0mCompatibility level set to JAVA_21
[m[34m[14:51:02][m [32m[main/INFO][m [36m(FabricLoader/MixinExtras|Service)[m [0mInitializing MixinExtras via com.llamalad7.mixinextras.service.MixinExtrasServiceImpl(version=0.5.0).
[m[34m[14:51:04][m [32m[main/INFO][m [36m(Minecraft)[m [0mEnvironment: Environment[sessionHost=https://sessionserver.mojang.com, servicesHost=https://api.minecraftservices.com, profilesHost=https://api.mojang.com, name=PROD]
[m[34m[14:51:05][m [32m[main/INFO][m [36m(Minecraft)[m [0mNo existing world data, creating new world
[m[34m[14:51:05][m [32m[main/INFO][m [36m(Minecraft)[m [0mLoaded 1461 recipes
[m[34m[14:51:05][m [32m[main/INFO][m [36m(Minecraft)[m [0mLoaded 1574 advancements
[m[34m[14:51:05][m [32m[main/INFO][m [36m(BiomeModificationImpl)[m [0mApplied 2 biome modifications to 1 of 65 new biomes in 1.793 ms
[m[34m[14:51:05][m [32m[Server thread/INFO][m [36m(Minecraft)[m [0mStarting minecraft server version 1.21.10
[m[34m[14:51:05][m [32m[Server thread/INFO][m [36m(Minecraft)[m [0mLoading properties
[m[34m[14:51:05][m [32m[Server thread/INFO][m [36m(Minecraft)[m [0mDefault game type: SURVIVAL
[m[34m[14:51:05][m [32m[Server thread/INFO][m [36m(Minecraft)[m [0mGenerating keypair
[m[34m[14:51:05][m [32m[Server thread/INFO][m [36m(Minecraft)[m [0mStarting Minecraft server on 127.0.0.1:0
[m[34m[14:51:05][m [32m[Server thread/INFO][m [36m(Minecraft)[m [0mUsing default channel type
[m[34m[14:51:05][m [33m[Server thread/WARN][m [36m(Minecraft)[m [0m**** SERVER IS RUNNING IN OFFLINE/INSECURE MODE!
[m[34m[14:51:05][m [33m[Server thread/WARN][m [36m(Minecraft)[m [0mThe server will make no attempt to authenticate usernames. Beware.
[m[34m[14:51:05][m [33m[Server thread/WARN][m [36m(Minecraft)[m [0mWhile this makes the game possible to play without internet access, it also opens up the ability for hackers to connect with any username they choose.
[m[34m[14:51:05][m [33m[Server thread/WARN][m [36m(Minecraft)[m [0mTo change this, set "online-mode" to "true" in the server.properties file.
[m[34m[14:51:05][m [32m[Server thread/INFO][m [36m(Minecraft)[m [0mPreparing level "nature-test"
[m[34m[14:51:05][m [32m[Server thread/INFO][m [36m(Minecraft)[m [0mSelecting global world spawn...
[m[34m[14:51:05][m [32m[Server thread/INFO][m [36m(Minecraft)[m [0mLoading 0 persistent chunks...
[m[34m[14:51:05][m [32m[Server thread/INFO][m [36m(Minecraft)[m [0mPreparing spawn area: 100%
[m[34m[14:51:05][m [32m[Server thread/INFO][m [36m(Minecraft)[m [0mTime elapsed: 163 ms
[m[34m[14:51:05][m [32m[Server thread/INFO][m [36m(Minecraft)[m [0mDone (0.219s)! For help, type "help"
[m[34m[14:51:56][m [32m[Server thread/INFO][m [36m(Minecraft)[m [0m[STDOUT]: GUARDIAN NATURE ARENA CHECK PASSED
[m[34m[14:51:56][m [32m[Server thread/INFO][m [36m(Minecraft)[m [0mStopping server
[m[34m[14:51:56][m [32m[Server thread/INFO][m [36m(Minecraft)[m [0mSaving players
[m[34m[14:51:56][m [32m[Server thread/INFO][m [36m(Minecraft)[m [0mSaving worlds
[m[34m[14:51:56][m [32m[Server thread/INFO][m [36m(Minecraft)[m [0mSaving chunks for level 'ServerLevel[nature-test]'/minecraft:overworld
[m[34m[14:51:56][m [32m[Server thread/INFO][m [36m(Minecraft)[m [0mSaving chunks for level 'ServerLevel[nature-test]'/minecraft:the_end
[m[34m[14:51:56][m [32m[Server thread/INFO][m [36m(Minecraft)[m [0mSaving chunks for level 'ServerLevel[nature-test]'/minecraft:the_nether
[m[34m[14:51:56][m [32m[Server thread/INFO][m [36m(Minecraft)[m [0mThreadedAnvilChunkStorage (nature-test): All chunks are saved
[m[34m[14:51:56][m [32m[Server thread/INFO][m [36m(Minecraft)[m [0mThreadedAnvilChunkStorage (DIM1): All chunks are saved
[m[34m[14:51:56][m [32m[Server thread/INFO][m [36m(Minecraft)[m [0mThreadedAnvilChunkStorage (DIM-1): All chunks are saved
[m[34m[14:51:56][m [32m[Server thread/INFO][m [36m(Minecraft)[m [0mThreadedAnvilChunkStorage: All dimensions are saved
[m
[Incubating] Problems report is available at: file:///Users/antonlabas/Desktop/elementalwands/build/reports/problems/problems-report.html

Deprecated Gradle features were used in this build, making it incompatible with Gradle 10.

You can use '--warning-mode all' to show the individual deprecation warnings and determine if they come from your own scripts or plugins.

For more on this, please refer to https://docs.gradle.org/9.3.0/userguide/command_line_interface.html#sec:command_line_warnings in the Gradle documentation.

BUILD SUCCESSFUL in 58s
10 actionable tasks: 6 executed, 4 up-to-date
